[0.000000] (-) TimerEvent: {}
[0.000205] (m_pubsub) JobQueued: {'identifier': 'm_pubsub', 'dependencies': OrderedDict()}
[0.000291] (move_turtle_pkg) JobQueued: {'identifier': 'move_turtle_pkg', 'dependencies': OrderedDict()}
[0.000322] (test_interfaces) JobQueued: {'identifier': 'test_interfaces', 'dependencies': OrderedDict()}
[0.000377] (m_pubsub) JobStarted: {'identifier': 'm_pubsub'}
[0.024374] (move_turtle_pkg) JobStarted: {'identifier': 'move_turtle_pkg'}
[0.102717] (-) TimerEvent: {}
[0.203185] (-) TimerEvent: {}
[0.303947] (-) TimerEvent: {}
[0.404696] (-) TimerEvent: {}
[0.505315] (-) TimerEvent: {}
[0.606007] (-) TimerEvent: {}
[0.706704] (-) TimerEvent: {}
[0.807347] (-) TimerEvent: {}
[0.908053] (-) TimerEvent: {}
[1.008722] (-) TimerEvent: {}
[1.109411] (-) TimerEvent: {}
[1.188621] (move_turtle_pkg) Command: {'cmd': ['/usr/bin/python3', 'setup.py', 'develop', '--editable', '--build-directory', '/home/psh/ros_code/build/move_turtle_pkg/build', '--no-deps', 'install_data'], 'cwd': '/home/psh/ros_code/build/move_turtle_pkg', 'env': {'RCUTILS_LOGGING_BUFFERED_STREAM': '1', 'GJS_DEBUG_TOPICS': 'JS ERROR;JS LOG', 'LESSOPEN': '| /usr/bin/lesspipe %s', 'LANGUAGE': 'ko:en', 'USER': 'psh', 'LC_TIME': 'ko_KR.UTF-8', 'ROS_NAMESPACE': 'robot1', 'SSH_AGENT_PID': '1432', 'XDG_SESSION_TYPE': 'x11', 'SHLVL': '1', 'RCUTILS_CONSOLE_OUTPUT_FORMAT': '[{severity}]: {message}', 'LD_LIBRARY_PATH': '/opt/ros/foxy/opt/yaml_cpp_vendor/lib:/opt/ros/foxy/opt/rviz_ogre_vendor/lib:/opt/ros/foxy/lib/x86_64-linux-gnu:/opt/ros/foxy/lib', 'QT4_IM_MODULE': 'xim', 'HOME': '/home/psh', 'OLDPWD': '/home/psh/ros_code', 'DESKTOP_SESSION': 'ubuntu', 'GIO_LAUNCHED_DESKTOP_FILE': '/usr/share/applications/terminator.desktop', 'ROS_PYTHON_VERSION': '3', 'GNOME_SHELL_SESSION_MODE': 'ubuntu', 'GTK_MODULES': 'gail:atk-bridge', 'LC_MONETARY': 'ko_KR.UTF-8', 'MANAGERPID': '972', 'DBUS_SESSION_BUS_ADDRESS': 'unix:path=/run/user/1000/bus', 'COLORTERM': 'truecolor', 'TERMINATOR_DBUS_NAME': 'net.tenshu.Terminator21a9d5db22c73a993ff0b42f64b396873', 'GIO_LAUNCHED_DESKTOP_FILE_PID': '2055', '_colcon_cd_root': '/home/psh/ros_code', 'IM_CONFIG_PHASE': '1', 'COLCON_PREFIX_PATH': '/home/psh/ros_code/install', 'ROS_DISTRO': 'foxy', 'GTK_IM_MODULE': 'xim', 'LOGNAME': 'psh', 'JOURNAL_STREAM': '8:44929', '_': '/usr/bin/colcon', 'ROS_VERSION': '2', 'XDG_SESSION_CLASS': 'user', 'USERNAME': 'psh', 'TERM': 'xterm-256color', 'GNOME_DESKTOP_SESSION_ID': 'this-is-deprecated', 'ROS_LOCALHOST_ONLY': '0', 'WINDOWPATH': '2', 'PATH': '/opt/ros/foxy/bin:/home/psh/.local/bin:/usr/local/sbin:/usr/local/bin:/usr/sbin:/usr/bin:/sbin:/bin:/usr/games:/usr/local/games:/snap/bin', 'SESSION_MANAGER': 'local/soonyang:@/tmp/.ICE-unix/1664,unix/soonyang:/tmp/.ICE-unix/1664', 'INVOCATION_ID': '1f32bc94bfca45c48b06f7146b28fd05', 'PAPERSIZE': 'a4', 'XDG_MENU_PREFIX': 'gnome-', 'LC_ADDRESS': 'ko_KR.UTF-8', 'XDG_RUNTIME_DIR': '/run/user/1000', 'DISPLAY': ':0', 'TERMINATOR_DBUS_PATH': '/net/tenshu/Terminator2', 'LANG': 'ko_KR.UTF-8', 'XDG_CURRENT_DESKTOP': 'ubuntu:GNOME', 'LC_TELEPHONE': 'ko_KR.UTF-8', 'RMW_IMPLEMENTATION': 'rmw_fastrtps_cpp', 'XMODIFIERS': '@im=none', 'XDG_SESSION_DESKTOP': 'ubuntu', 'XAUTHORITY': '/run/user/1000/gdm/Xauthority', 'LS_COLORS': 'rs=0:di=01;34:ln=01;36:mh=00:pi=40;33:so=01;35:do=01;35:bd=40;33;01:cd=40;33;01:or=40;31;01:mi=00:su=37;41:sg=30;43:ca=30;41:tw=30;42:ow=34;42:st=37;44:ex=01;32:*.tar=01;31:*.tgz=01;31:*.arc=01;31:*.arj=01;31:*.taz=01;31:*.lha=01;31:*.lz4=01;31:*.lzh=01;31:*.lzma=01;31:*.tlz=01;31:*.txz=01;31:*.tzo=01;31:*.t7z=01;31:*.zip=01;31:*.z=01;31:*.dz=01;31:*.gz=01;31:*.lrz=01;31:*.lz=01;31:*.lzo=01;31:*.xz=01;31:*.zst=01;31:*.tzst=01;31:*.bz2=01;31:*.bz=01;31:*.tbz=01;31:*.tbz2=01;31:*.tz=01;31:*.deb=01;31:*.rpm=01;31:*.jar=01;31:*.war=01;31:*.ear=01;31:*.sar=01;31:*.rar=01;31:*.alz=01;31:*.ace=01;31:*.zoo=01;31:*.cpio=01;31:*.7z=01;31:*.rz=01;31:*.cab=01;31:*.wim=01;31:*.swm=01;31:*.dwm=01;31:*.esd=01;31:*.jpg=01;35:*.jpeg=01;35:*.mjpg=01;35:*.mjpeg=01;35:*.gif=01;35:*.bmp=01;35:*.pbm=01;35:*.pgm=01;35:*.ppm=01;35:*.tga=01;35:*.xbm=01;35:*.xpm=01;35:*.tif=01;35:*.tiff=01;35:*.png=01;35:*.svg=01;35:*.svgz=01;35:*.mng=01;35:*.pcx=01;35:*.mov=01;35:*.mpg=01;35:*.mpeg=01;35:*.m2v=01;35:*.mkv=01;35:*.webm=01;35:*.ogm=01;35:*.mp4=01;35:*.m4v=01;35:*.mp4v=01;35:*.vob=01;35:*.qt=01;35:*.nuv=01;35:*.wmv=01;35:*.asf=01;35:*.rm=01;35:*.rmvb=01;35:*.flc=01;35:*.avi=01;35:*.fli=01;35:*.flv=01;35:*.gl=01;35:*.dl=01;35:*.xcf=01;35:*.xwd=01;35:*.yuv=01;35:*.cgm=01;35:*.emf=01;35:*.ogv=01;35:*.ogx=01;35:*.aac=00;36:*.au=00;36:*.flac=00;36:*.m4a=00;36:*.mid=00;36:*.midi=00;36:*.mka=00;36:*.mp3=00;36:*.mpc=00;36:*.ogg=00;36:*.ra=00;36:*.wav=00;36:*.oga=00;36:*.opus=00;36:*.spx=00;36:*.xspf=00;36:', 'SSH_AUTH_SOCK': '/run/user/1000/keyring/ssh', 'ROS_DOMAIN_ID': '82', 'AMENT_PREFIX_PATH': '/home/psh/ros_code/install/move_turtle_pkg:/home/psh/ros_code/install/m_pubsub:/opt/ros/foxy', 'SHELL': '/bin/bash', 'LC_NAME': 'ko_KR.UTF-8', 'TERMINATOR_UUID': 'urn:uuid:aea724ed-c29f-48ec-92f0-009fffdb67eb', 'QT_ACCESSIBILITY': '1', 'GDMSESSION': 'ubuntu', 'LESSCLOSE': '/usr/bin/lesspipe %s %s', 'LC_MEASUREMENT': 'ko_KR.UTF-8', 'GPG_AGENT_INFO': '/run/user/1000/gnupg/S.gpg-agent:0:1', 'GJS_DEBUG_OUTPUT': 'stderr', 'LC_IDENTIFICATION': 'ko_KR.UTF-8', 'QT_IM_MODULE': 'ibus', 'RCUTILS_LOGGING_USE_STDOUT': '0', 'PWD': '/home/psh/ros_code/build/move_turtle_pkg', 'LC_ALL': 'en_US.UTF-8', 'XDG_CONFIG_DIRS': '/etc/xdg/xdg-ubuntu:/etc/xdg', 'CLUTTER_IM_MODULE': 'xim', 'RCUTILS_COLORIZED_OUTPUT': '1', 'XDG_DATA_DIRS': '/usr/share/ubuntu:/usr/local/share/:/usr/share/:/var/lib/snapd/desktop', 'PYTHONPATH': '/home/psh/ros_code/build/move_turtle_pkg/prefix_override:/home/psh/ros_code/install/move_turtle_pkg/lib/python3.8/site-packages:/home/psh/ros_code/build/move_turtle_pkg:/home/psh/ros_code/install/move_turtle_pkg/lib/python3.8/site-packages:/home/psh/ros_code/build/m_pubsub:/home/psh/ros_code/install/m_pubsub/lib/python3.8/site-packages:/opt/ros/foxy/lib/python3.8/site-packages', 'LC_NUMERIC': 'ko_KR.UTF-8', 'LC_PAPER': 'ko_KR.UTF-8', 'COLCON': '1', 'VTE_VERSION': '6003'}, 'shell': False}
[1.209607] (-) TimerEvent: {}
[1.233438] (m_pubsub) Command: {'cmd': ['/usr/bin/python3', 'setup.py', 'develop', '--editable', '--build-directory', '/home/psh/ros_code/build/m_pubsub/build', '--no-deps', 'install_data'], 'cwd': '/home/psh/ros_code/build/m_pubsub', 'env': {'RCUTILS_LOGGING_BUFFERED_STREAM': '1', 'GJS_DEBUG_TOPICS': 'JS ERROR;JS LOG', 'LESSOPEN': '| /usr/bin/lesspipe %s', 'LANGUAGE': 'ko:en', 'USER': 'psh', 'LC_TIME': 'ko_KR.UTF-8', 'ROS_NAMESPACE': 'robot1', 'SSH_AGENT_PID': '1432', 'XDG_SESSION_TYPE': 'x11', 'SHLVL': '1', 'RCUTILS_CONSOLE_OUTPUT_FORMAT': '[{severity}]: {message}', 'LD_LIBRARY_PATH': '/opt/ros/foxy/opt/yaml_cpp_vendor/lib:/opt/ros/foxy/opt/rviz_ogre_vendor/lib:/opt/ros/foxy/lib/x86_64-linux-gnu:/opt/ros/foxy/lib', 'QT4_IM_MODULE': 'xim', 'HOME': '/home/psh', 'OLDPWD': '/home/psh/ros_code', 'DESKTOP_SESSION': 'ubuntu', 'GIO_LAUNCHED_DESKTOP_FILE': '/usr/share/applications/terminator.desktop', 'ROS_PYTHON_VERSION': '3', 'GNOME_SHELL_SESSION_MODE': 'ubuntu', 'GTK_MODULES': 'gail:atk-bridge', 'LC_MONETARY': 'ko_KR.UTF-8', 'MANAGERPID': '972', 'DBUS_SESSION_BUS_ADDRESS': 'unix:path=/run/user/1000/bus', 'COLORTERM': 'truecolor', 'TERMINATOR_DBUS_NAME': 'net.tenshu.Terminator21a9d5db22c73a993ff0b42f64b396873', 'GIO_LAUNCHED_DESKTOP_FILE_PID': '2055', '_colcon_cd_root': '/home/psh/ros_code', 'IM_CONFIG_PHASE': '1', 'COLCON_PREFIX_PATH': '/home/psh/ros_code/install', 'ROS_DISTRO': 'foxy', 'GTK_IM_MODULE': 'xim', 'LOGNAME': 'psh', 'JOURNAL_STREAM': '8:44929', '_': '/usr/bin/colcon', 'ROS_VERSION': '2', 'XDG_SESSION_CLASS': 'user', 'USERNAME': 'psh', 'TERM': 'xterm-256color', 'GNOME_DESKTOP_SESSION_ID': 'this-is-deprecated', 'ROS_LOCALHOST_ONLY': '0', 'WINDOWPATH': '2', 'PATH': '/opt/ros/foxy/bin:/home/psh/.local/bin:/usr/local/sbin:/usr/local/bin:/usr/sbin:/usr/bin:/sbin:/bin:/usr/games:/usr/local/games:/snap/bin', 'SESSION_MANAGER': 'local/soonyang:@/tmp/.ICE-unix/1664,unix/soonyang:/tmp/.ICE-unix/1664', 'INVOCATION_ID': '1f32bc94bfca45c48b06f7146b28fd05', 'PAPERSIZE': 'a4', 'XDG_MENU_PREFIX': 'gnome-', 'LC_ADDRESS': 'ko_KR.UTF-8', 'XDG_RUNTIME_DIR': '/run/user/1000', 'DISPLAY': ':0', 'TERMINATOR_DBUS_PATH': '/net/tenshu/Terminator2', 'LANG': 'ko_KR.UTF-8', 'XDG_CURRENT_DESKTOP': 'ubuntu:GNOME', 'LC_TELEPHONE': 'ko_KR.UTF-8', 'RMW_IMPLEMENTATION': 'rmw_fastrtps_cpp', 'XMODIFIERS': '@im=none', 'XDG_SESSION_DESKTOP': 'ubuntu', 'XAUTHORITY': '/run/user/1000/gdm/Xauthority', 'LS_COLORS': 'rs=0:di=01;34:ln=01;36:mh=00:pi=40;33:so=01;35:do=01;35:bd=40;33;01:cd=40;33;01:or=40;31;01:mi=00:su=37;41:sg=30;43:ca=30;41:tw=30;42:ow=34;42:st=37;44:ex=01;32:*.tar=01;31:*.tgz=01;31:*.arc=01;31:*.arj=01;31:*.taz=01;31:*.lha=01;31:*.lz4=01;31:*.lzh=01;31:*.lzma=01;31:*.tlz=01;31:*.txz=01;31:*.tzo=01;31:*.t7z=01;31:*.zip=01;31:*.z=01;31:*.dz=01;31:*.gz=01;31:*.lrz=01;31:*.lz=01;31:*.lzo=01;31:*.xz=01;31:*.zst=01;31:*.tzst=01;31:*.bz2=01;31:*.bz=01;31:*.tbz=01;31:*.tbz2=01;31:*.tz=01;31:*.deb=01;31:*.rpm=01;31:*.jar=01;31:*.war=01;31:*.ear=01;31:*.sar=01;31:*.rar=01;31:*.alz=01;31:*.ace=01;31:*.zoo=01;31:*.cpio=01;31:*.7z=01;31:*.rz=01;31:*.cab=01;31:*.wim=01;31:*.swm=01;31:*.dwm=01;31:*.esd=01;31:*.jpg=01;35:*.jpeg=01;35:*.mjpg=01;35:*.mjpeg=01;35:*.gif=01;35:*.bmp=01;35:*.pbm=01;35:*.pgm=01;35:*.ppm=01;35:*.tga=01;35:*.xbm=01;35:*.xpm=01;35:*.tif=01;35:*.tiff=01;35:*.png=01;35:*.svg=01;35:*.svgz=01;35:*.mng=01;35:*.pcx=01;35:*.mov=01;35:*.mpg=01;35:*.mpeg=01;35:*.m2v=01;35:*.mkv=01;35:*.webm=01;35:*.ogm=01;35:*.mp4=01;35:*.m4v=01;35:*.mp4v=01;35:*.vob=01;35:*.qt=01;35:*.nuv=01;35:*.wmv=01;35:*.asf=01;35:*.rm=01;35:*.rmvb=01;35:*.flc=01;35:*.avi=01;35:*.fli=01;35:*.flv=01;35:*.gl=01;35:*.dl=01;35:*.xcf=01;35:*.xwd=01;35:*.yuv=01;35:*.cgm=01;35:*.emf=01;35:*.ogv=01;35:*.ogx=01;35:*.aac=00;36:*.au=00;36:*.flac=00;36:*.m4a=00;36:*.mid=00;36:*.midi=00;36:*.mka=00;36:*.mp3=00;36:*.mpc=00;36:*.ogg=00;36:*.ra=00;36:*.wav=00;36:*.oga=00;36:*.opus=00;36:*.spx=00;36:*.xspf=00;36:', 'SSH_AUTH_SOCK': '/run/user/1000/keyring/ssh', 'ROS_DOMAIN_ID': '82', 'AMENT_PREFIX_PATH': '/home/psh/ros_code/install/move_turtle_pkg:/home/psh/ros_code/install/m_pubsub:/opt/ros/foxy', 'SHELL': '/bin/bash', 'LC_NAME': 'ko_KR.UTF-8', 'TERMINATOR_UUID': 'urn:uuid:aea724ed-c29f-48ec-92f0-009fffdb67eb', 'QT_ACCESSIBILITY': '1', 'GDMSESSION': 'ubuntu', 'LESSCLOSE': '/usr/bin/lesspipe %s %s', 'LC_MEASUREMENT': 'ko_KR.UTF-8', 'GPG_AGENT_INFO': '/run/user/1000/gnupg/S.gpg-agent:0:1', 'GJS_DEBUG_OUTPUT': 'stderr', 'LC_IDENTIFICATION': 'ko_KR.UTF-8', 'QT_IM_MODULE': 'ibus', 'RCUTILS_LOGGING_USE_STDOUT': '0', 'PWD': '/home/psh/ros_code/build/m_pubsub', 'LC_ALL': 'en_US.UTF-8', 'XDG_CONFIG_DIRS': '/etc/xdg/xdg-ubuntu:/etc/xdg', 'CLUTTER_IM_MODULE': 'xim', 'RCUTILS_COLORIZED_OUTPUT': '1', 'XDG_DATA_DIRS': '/usr/share/ubuntu:/usr/local/share/:/usr/share/:/var/lib/snapd/desktop', 'PYTHONPATH': '/home/psh/ros_code/build/m_pubsub/prefix_override:/home/psh/ros_code/install/m_pubsub/lib/python3.8/site-packages:/home/psh/ros_code/build/move_turtle_pkg:/home/psh/ros_code/install/move_turtle_pkg/lib/python3.8/site-packages:/home/psh/ros_code/build/m_pubsub:/home/psh/ros_code/install/m_pubsub/lib/python3.8/site-packages:/opt/ros/foxy/lib/python3.8/site-packages', 'LC_NUMERIC': 'ko_KR.UTF-8', 'LC_PAPER': 'ko_KR.UTF-8', 'COLCON': '1', 'VTE_VERSION': '6003'}, 'shell': False}
[1.310110] (-) TimerEvent: {}
[1.410982] (-) TimerEvent: {}
[1.511886] (-) TimerEvent: {}
[1.534162] (m_pubsub) StdoutLine: {'line': b'running develop\n'}
[1.535137] (move_turtle_pkg) StdoutLine: {'line': b'running develop\n'}
[1.612358] (-) TimerEvent: {}
[1.713048] (-) TimerEvent: {}
[1.720387] (m_pubsub) StdoutLine: {'line': b'running egg_info\n'}
[1.720798] (m_pubsub) StdoutLine: {'line': b'writing m_pubsub.egg-info/PKG-INFO\n'}
[1.721481] (m_pubsub) StdoutLine: {'line': b'writing dependency_links to m_pubsub.egg-info/dependency_links.txt\n'}
[1.721978] (m_pubsub) StdoutLine: {'line': b'writing entry points to m_pubsub.egg-info/entry_points.txt\n'}
[1.722412] (m_pubsub) StdoutLine: {'line': b'writing requirements to m_pubsub.egg-info/requires.txt\n'}
[1.722755] (m_pubsub) StdoutLine: {'line': b'writing top-level names to m_pubsub.egg-info/top_level.txt\n'}
[1.742574] (move_turtle_pkg) StdoutLine: {'line': b'running egg_info\n'}
[1.743328] (move_turtle_pkg) StdoutLine: {'line': b'writing move_turtle_pkg.egg-info/PKG-INFO\n'}
[1.744364] (move_turtle_pkg) StdoutLine: {'line': b'writing dependency_links to move_turtle_pkg.egg-info/dependency_links.txt\n'}
[1.745246] (move_turtle_pkg) StdoutLine: {'line': b'writing entry points to move_turtle_pkg.egg-info/entry_points.txt\n'}
[1.746037] (move_turtle_pkg) StdoutLine: {'line': b'writing requirements to move_turtle_pkg.egg-info/requires.txt\n'}
[1.746792] (move_turtle_pkg) StdoutLine: {'line': b'writing top-level names to move_turtle_pkg.egg-info/top_level.txt\n'}
[1.765139] (m_pubsub) StdoutLine: {'line': b"reading manifest file 'm_pubsub.egg-info/SOURCES.txt'\n"}
[1.766179] (m_pubsub) StdoutLine: {'line': b"writing manifest file 'm_pubsub.egg-info/SOURCES.txt'\n"}
[1.789543] (move_turtle_pkg) StdoutLine: {'line': b"reading manifest file 'move_turtle_pkg.egg-info/SOURCES.txt'\n"}
[1.790795] (move_turtle_pkg) StdoutLine: {'line': b"writing manifest file 'move_turtle_pkg.egg-info/SOURCES.txt'\n"}
[1.810768] (m_pubsub) StdoutLine: {'line': b'running build_ext\n'}
[1.811363] (m_pubsub) StdoutLine: {'line': b'Creating /home/psh/ros_code/install/m_pubsub/lib/python3.8/site-packages/m-pubsub.egg-link (link to .)\n'}
[1.812752] (m_pubsub) StdoutLine: {'line': b'Installing met script to /home/psh/ros_code/install/m_pubsub/lib/m_pubsub\n'}
[1.813232] (m_pubsub) StdoutLine: {'line': b'Installing mp script to /home/psh/ros_code/install/m_pubsub/lib/m_pubsub\n'}
[1.813419] (-) TimerEvent: {}
[1.813769] (m_pubsub) StdoutLine: {'line': b'Installing ms script to /home/psh/ros_code/install/m_pubsub/lib/m_pubsub\n'}
[1.814080] (m_pubsub) StdoutLine: {'line': b'Installing mt script to /home/psh/ros_code/install/m_pubsub/lib/m_pubsub\n'}
[1.814486] (m_pubsub) StdoutLine: {'line': b'Installing tp script to /home/psh/ros_code/install/m_pubsub/lib/m_pubsub\n'}
[1.815011] (m_pubsub) StdoutLine: {'line': b'\n'}
[1.815299] (m_pubsub) StdoutLine: {'line': b'Installed /home/psh/ros_code/build/m_pubsub\n'}
[1.815499] (m_pubsub) StdoutLine: {'line': b'running install_data\n'}
[1.839396] (move_turtle_pkg) StdoutLine: {'line': b'running build_ext\n'}
[1.842047] (move_turtle_pkg) StdoutLine: {'line': b'Creating /home/psh/ros_code/install/move_turtle_pkg/lib/python3.8/site-packages/move-turtle-pkg.egg-link (link to .)\n'}
[1.848475] (m_pubsub) CommandEnded: {'returncode': 0}
[1.849236] (move_turtle_pkg) StdoutLine: {'line': b'Installing move_turtle script to /home/psh/ros_code/install/move_turtle_pkg/lib/move_turtle_pkg\n'}
[1.849467] (move_turtle_pkg) StdoutLine: {'line': b'\n'}
[1.850042] (move_turtle_pkg) StdoutLine: {'line': b'Installed /home/psh/ros_code/build/move_turtle_pkg\n'}
[1.850561] (move_turtle_pkg) StdoutLine: {'line': b'running install_data\n'}
[1.881364] (m_pubsub) JobEnded: {'identifier': 'm_pubsub', 'rc': 0}
[1.887938] (test_interfaces) JobStarted: {'identifier': 'test_interfaces'}
[1.898212] (move_turtle_pkg) CommandEnded: {'returncode': 0}
[1.925304] (-) TimerEvent: {}
[1.931507] (move_turtle_pkg) JobEnded: {'identifier': 'move_turtle_pkg', 'rc': 0}
[1.932878] (test_interfaces) JobProgress: {'identifier': 'test_interfaces', 'progress': 'cmake'}
[1.935468] (test_interfaces) Command: {'cmd': ['/usr/bin/cmake', '/home/psh/ros_code/src/test_interfaces', '-DCMAKE_INSTALL_PREFIX=/home/psh/ros_code/install/test_interfaces'], 'cwd': '/home/psh/ros_code/build/test_interfaces', 'env': OrderedDict([('RCUTILS_LOGGING_BUFFERED_STREAM', '1'), ('GJS_DEBUG_TOPICS', 'JS ERROR;JS LOG'), ('LESSOPEN', '| /usr/bin/lesspipe %s'), ('LANGUAGE', 'ko:en'), ('USER', 'psh'), ('LC_TIME', 'ko_KR.UTF-8'), ('ROS_NAMESPACE', 'robot1'), ('SSH_AGENT_PID', '1432'), ('XDG_SESSION_TYPE', 'x11'), ('SHLVL', '1'), ('RCUTILS_CONSOLE_OUTPUT_FORMAT', '[{severity}]: {message}'), ('LD_LIBRARY_PATH', '/opt/ros/foxy/opt/yaml_cpp_vendor/lib:/opt/ros/foxy/opt/rviz_ogre_vendor/lib:/opt/ros/foxy/lib/x86_64-linux-gnu:/opt/ros/foxy/lib'), ('QT4_IM_MODULE', 'xim'), ('HOME', '/home/psh'), ('OLDPWD', '/home/psh/ros_code'), ('DESKTOP_SESSION', 'ubuntu'), ('GIO_LAUNCHED_DESKTOP_FILE', '/usr/share/applications/terminator.desktop'), ('ROS_PYTHON_VERSION', '3'), ('GNOME_SHELL_SESSION_MODE', 'ubuntu'), ('GTK_MODULES', 'gail:atk-bridge'), ('LC_MONETARY', 'ko_KR.UTF-8'), ('MANAGERPID', '972'), ('DBUS_SESSION_BUS_ADDRESS', 'unix:path=/run/user/1000/bus'), ('COLORTERM', 'truecolor'), ('TERMINATOR_DBUS_NAME', 'net.tenshu.Terminator21a9d5db22c73a993ff0b42f64b396873'), ('GIO_LAUNCHED_DESKTOP_FILE_PID', '2055'), ('_colcon_cd_root', '/home/psh/ros_code'), ('IM_CONFIG_PHASE', '1'), ('COLCON_PREFIX_PATH', '/home/psh/ros_code/install'), ('ROS_DISTRO', 'foxy'), ('GTK_IM_MODULE', 'xim'), ('LOGNAME', 'psh'), ('JOURNAL_STREAM', '8:44929'), ('_', '/usr/bin/colcon'), ('ROS_VERSION', '2'), ('XDG_SESSION_CLASS', 'user'), ('USERNAME', 'psh'), ('TERM', 'xterm-256color'), ('GNOME_DESKTOP_SESSION_ID', 'this-is-deprecated'), ('ROS_LOCALHOST_ONLY', '0'), ('WINDOWPATH', '2'), ('PATH', '/opt/ros/foxy/bin:/home/psh/.local/bin:/usr/local/sbin:/usr/local/bin:/usr/sbin:/usr/bin:/sbin:/bin:/usr/games:/usr/local/games:/snap/bin'), ('SESSION_MANAGER', 'local/soonyang:@/tmp/.ICE-unix/1664,unix/soonyang:/tmp/.ICE-unix/1664'), ('INVOCATION_ID', '1f32bc94bfca45c48b06f7146b28fd05'), ('PAPERSIZE', 'a4'), ('XDG_MENU_PREFIX', 'gnome-'), ('LC_ADDRESS', 'ko_KR.UTF-8'), ('XDG_RUNTIME_DIR', '/run/user/1000'), ('DISPLAY', ':0'), ('TERMINATOR_DBUS_PATH', '/net/tenshu/Terminator2'), ('LANG', 'ko_KR.UTF-8'), ('XDG_CURRENT_DESKTOP', 'ubuntu:GNOME'), ('LC_TELEPHONE', 'ko_KR.UTF-8'), ('RMW_IMPLEMENTATION', 'rmw_fastrtps_cpp'), ('XMODIFIERS', '@im=none'), ('XDG_SESSION_DESKTOP', 'ubuntu'), ('XAUTHORITY', '/run/user/1000/gdm/Xauthority'), ('LS_COLORS', 'rs=0:di=01;34:ln=01;36:mh=00:pi=40;33:so=01;35:do=01;35:bd=40;33;01:cd=40;33;01:or=40;31;01:mi=00:su=37;41:sg=30;43:ca=30;41:tw=30;42:ow=34;42:st=37;44:ex=01;32:*.tar=01;31:*.tgz=01;31:*.arc=01;31:*.arj=01;31:*.taz=01;31:*.lha=01;31:*.lz4=01;31:*.lzh=01;31:*.lzma=01;31:*.tlz=01;31:*.txz=01;31:*.tzo=01;31:*.t7z=01;31:*.zip=01;31:*.z=01;31:*.dz=01;31:*.gz=01;31:*.lrz=01;31:*.lz=01;31:*.lzo=01;31:*.xz=01;31:*.zst=01;31:*.tzst=01;31:*.bz2=01;31:*.bz=01;31:*.tbz=01;31:*.tbz2=01;31:*.tz=01;31:*.deb=01;31:*.rpm=01;31:*.jar=01;31:*.war=01;31:*.ear=01;31:*.sar=01;31:*.rar=01;31:*.alz=01;31:*.ace=01;31:*.zoo=01;31:*.cpio=01;31:*.7z=01;31:*.rz=01;31:*.cab=01;31:*.wim=01;31:*.swm=01;31:*.dwm=01;31:*.esd=01;31:*.jpg=01;35:*.jpeg=01;35:*.mjpg=01;35:*.mjpeg=01;35:*.gif=01;35:*.bmp=01;35:*.pbm=01;35:*.pgm=01;35:*.ppm=01;35:*.tga=01;35:*.xbm=01;35:*.xpm=01;35:*.tif=01;35:*.tiff=01;35:*.png=01;35:*.svg=01;35:*.svgz=01;35:*.mng=01;35:*.pcx=01;35:*.mov=01;35:*.mpg=01;35:*.mpeg=01;35:*.m2v=01;35:*.mkv=01;35:*.webm=01;35:*.ogm=01;35:*.mp4=01;35:*.m4v=01;35:*.mp4v=01;35:*.vob=01;35:*.qt=01;35:*.nuv=01;35:*.wmv=01;35:*.asf=01;35:*.rm=01;35:*.rmvb=01;35:*.flc=01;35:*.avi=01;35:*.fli=01;35:*.flv=01;35:*.gl=01;35:*.dl=01;35:*.xcf=01;35:*.xwd=01;35:*.yuv=01;35:*.cgm=01;35:*.emf=01;35:*.ogv=01;35:*.ogx=01;35:*.aac=00;36:*.au=00;36:*.flac=00;36:*.m4a=00;36:*.mid=00;36:*.midi=00;36:*.mka=00;36:*.mp3=00;36:*.mpc=00;36:*.ogg=00;36:*.ra=00;36:*.wav=00;36:*.oga=00;36:*.opus=00;36:*.spx=00;36:*.xspf=00;36:'), ('SSH_AUTH_SOCK', '/run/user/1000/keyring/ssh'), ('ROS_DOMAIN_ID', '82'), ('AMENT_PREFIX_PATH', '/home/psh/ros_code/install/move_turtle_pkg:/home/psh/ros_code/install/m_pubsub:/opt/ros/foxy'), ('SHELL', '/bin/bash'), ('LC_NAME', 'ko_KR.UTF-8'), ('TERMINATOR_UUID', 'urn:uuid:aea724ed-c29f-48ec-92f0-009fffdb67eb'), ('QT_ACCESSIBILITY', '1'), ('GDMSESSION', 'ubuntu'), ('LESSCLOSE', '/usr/bin/lesspipe %s %s'), ('LC_MEASUREMENT', 'ko_KR.UTF-8'), ('GPG_AGENT_INFO', '/run/user/1000/gnupg/S.gpg-agent:0:1'), ('GJS_DEBUG_OUTPUT', 'stderr'), ('LC_IDENTIFICATION', 'ko_KR.UTF-8'), ('QT_IM_MODULE', 'ibus'), ('RCUTILS_LOGGING_USE_STDOUT', '0'), ('PWD', '/home/psh/ros_code/build/test_interfaces'), ('LC_ALL', 'en_US.UTF-8'), ('XDG_CONFIG_DIRS', '/etc/xdg/xdg-ubuntu:/etc/xdg'), ('CLUTTER_IM_MODULE', 'xim'), ('RCUTILS_COLORIZED_OUTPUT', '1'), ('XDG_DATA_DIRS', '/usr/share/ubuntu:/usr/local/share/:/usr/share/:/var/lib/snapd/desktop'), ('PYTHONPATH', '/home/psh/ros_code/build/move_turtle_pkg:/home/psh/ros_code/install/move_turtle_pkg/lib/python3.8/site-packages:/home/psh/ros_code/build/m_pubsub:/home/psh/ros_code/install/m_pubsub/lib/python3.8/site-packages:/opt/ros/foxy/lib/python3.8/site-packages'), ('LC_NUMERIC', 'ko_KR.UTF-8'), ('LC_PAPER', 'ko_KR.UTF-8'), ('COLCON', '1'), ('VTE_VERSION', '6003')]), 'shell': False}
[1.964337] (test_interfaces) StdoutLine: {'line': b'-- Found ament_cmake: 0.9.11 (/opt/ros/foxy/share/ament_cmake/cmake)\n'}
[1.999260] (test_interfaces) StdoutLine: {'line': b'-- Found PythonInterp: /usr/bin/python3 (found suitable version "3.8.10", minimum required is "3") \n'}
[1.999724] (test_interfaces) StdoutLine: {'line': b'-- Using PYTHON_EXECUTABLE: /usr/bin/python3\n'}
[2.025567] (-) TimerEvent: {}
[2.126248] (-) TimerEvent: {}
[2.226947] (-) TimerEvent: {}
[2.248327] (test_interfaces) StdoutLine: {'line': b'-- Found rosidl_default_generators: 1.0.1 (/opt/ros/foxy/share/rosidl_default_generators/cmake)\n'}
[2.251619] (test_interfaces) StdoutLine: {'line': b'-- Using all available rosidl_typesupport_c: rosidl_typesupport_fastrtps_c;rosidl_typesupport_introspection_c\n'}
[2.257882] (test_interfaces) StdoutLine: {'line': b'-- Found rosidl_adapter: 1.3.0 (/opt/ros/foxy/share/rosidl_adapter/cmake)\n'}
[2.327200] (-) TimerEvent: {}
[2.420435] (test_interfaces) StdoutLine: {'line': b'-- Using all available rosidl_typesupport_cpp: rosidl_typesupport_fastrtps_cpp;rosidl_typesupport_introspection_cpp\n'}
[2.427341] (-) TimerEvent: {}
[2.487864] (test_interfaces) StdoutLine: {'line': b'-- Found PythonInterp: /usr/bin/python3 (found version "3.8.10") \n'}
[2.527513] (-) TimerEvent: {}
[2.628252] (-) TimerEvent: {}
[2.701706] (test_interfaces) StderrLine: {'line': b"Error parsing '/home/psh/ros_code/src/test_interfaces/package.xml':\n"}
[2.728501] (-) TimerEvent: {}
[2.829171] (-) TimerEvent: {}
[2.860769] (test_interfaces) StderrLine: {'line': b'Traceback (most recent call last):\n'}
[2.861006] (test_interfaces) StderrLine: {'line': b'  File "/usr/lib/python3/dist-packages/catkin_pkg/package.py", line 610, in parse_package_string\n'}
[2.861133] (test_interfaces) StderrLine: {'line': b'    root = dom.parseString(data)\n'}
[2.861220] (test_interfaces) StderrLine: {'line': b'  File "/usr/lib/python3.8/xml/dom/minidom.py", line 1969, in parseString\n'}
[2.861302] (test_interfaces) StderrLine: {'line': b'    return expatbuilder.parseString(string)\n'}
[2.861379] (test_interfaces) StderrLine: {'line': b'  File "/usr/lib/python3.8/xml/dom/expatbuilder.py", line 925, in parseString\n'}
[2.861458] (test_interfaces) StderrLine: {'line': b'    return builder.parseString(string)\n'}
[2.861535] (test_interfaces) StderrLine: {'line': b'  File "/usr/lib/python3.8/xml/dom/expatbuilder.py", line 223, in parseString\n'}
[2.861648] (test_interfaces) StderrLine: {'line': b'    parser.Parse(string, True)\n'}
[2.861725] (test_interfaces) StderrLine: {'line': b'xml.parsers.expat.ExpatError: mismatched tag: line 13, column 46\n'}
[2.861801] (test_interfaces) StderrLine: {'line': b'\n'}
[2.861876] (test_interfaces) StderrLine: {'line': b'During handling of the above exception, another exception occurred:\n'}
[2.861952] (test_interfaces) StderrLine: {'line': b'\n'}
[2.862026] (test_interfaces) StderrLine: {'line': b'Traceback (most recent call last):\n'}
[2.862141] (test_interfaces) StderrLine: {'line': b'  File "/opt/ros/foxy/share/ament_cmake_core/cmake/core/package_xml_2_cmake.py", line 143, in <module>\n'}
[2.862222] (test_interfaces) StderrLine: {'line': b'    main()\n'}
[2.862297] (test_interfaces) StderrLine: {'line': b'  File "/opt/ros/foxy/share/ament_cmake_core/cmake/core/package_xml_2_cmake.py", line 52, in main\n'}
[2.862374] (test_interfaces) StderrLine: {'line': b'    raise e\n'}
[2.862450] (test_interfaces) StderrLine: {'line': b'  File "/opt/ros/foxy/share/ament_cmake_core/cmake/core/package_xml_2_cmake.py", line 48, in main\n'}
[2.862526] (test_interfaces) StderrLine: {'line': b'    package = parse_package_string(\n'}
[2.862651] (test_interfaces) StderrLine: {'line': b'  File "/usr/lib/python3/dist-packages/catkin_pkg/package.py", line 612, in parse_package_string\n'}
[2.862728] (test_interfaces) StderrLine: {'line': b"    raise InvalidPackage('The manifest contains invalid XML:\\n%s' % ex, filename)\n"}
[2.862804] (test_interfaces) StderrLine: {'line': b"catkin_pkg.package.InvalidPackage: Error(s) in package '/home/psh/ros_code/src/test_interfaces/package.xml':\n"}
[2.862879] (test_interfaces) StderrLine: {'line': b'The manifest contains invalid XML:\n'}
[2.862953] (test_interfaces) StderrLine: {'line': b'mismatched tag: line 13, column 46\n'}
[2.884609] (test_interfaces) StderrLine: {'line': b'CMake Error at /opt/ros/foxy/share/ament_cmake_core/cmake/core/ament_package_xml.cmake:94 (message):\n'}
[2.885013] (test_interfaces) StderrLine: {'line': b'  execute_process(/usr/bin/python3\n'}
[2.885205] (test_interfaces) StderrLine: {'line': b'  /opt/ros/foxy/share/ament_cmake_core/cmake/core/package_xml_2_cmake.py\n'}
[2.885422] (test_interfaces) StderrLine: {'line': b'  /home/psh/ros_code/src/test_interfaces/package.xml\n'}
[2.885603] (test_interfaces) StderrLine: {'line': b'  /home/psh/ros_code/build/test_interfaces/ament_cmake_core/package.cmake)\n'}
[2.885778] (test_interfaces) StderrLine: {'line': b'  returned error code 1\n'}
[2.887706] (test_interfaces) StderrLine: {'line': b'Call Stack (most recent call first):\n'}
[2.887974] (test_interfaces) StderrLine: {'line': b'  /opt/ros/foxy/share/ament_cmake_core/cmake/core/ament_package_xml.cmake:49 (_ament_package_xml)\n'}
[2.888164] (test_interfaces) StderrLine: {'line': b'  /opt/ros/foxy/share/rosidl_cmake/cmake/rosidl_generate_interfaces.cmake:226 (ament_package_xml)\n'}
[2.888379] (test_interfaces) StderrLine: {'line': b'  CMakeLists.txt:22 (rosidl_generate_interfaces)\n'}
[2.888575] (test_interfaces) StderrLine: {'line': b'\n'}
[2.888750] (test_interfaces) StderrLine: {'line': b'\n'}
[2.889516] (test_interfaces) StdoutLine: {'line': b'-- Configuring incomplete, errors occurred!\n'}
[2.889715] (test_interfaces) StdoutLine: {'line': b'See also "/home/psh/ros_code/build/test_interfaces/CMakeFiles/CMakeOutput.log".\n'}
[2.892924] (test_interfaces) CommandEnded: {'returncode': 1}
[2.893507] (test_interfaces) JobEnded: {'identifier': 'test_interfaces', 'rc': 1}
[2.903855] (-) EventReactorShutdown: {}
