[0.056s] Invoking command in '/home/psh/ros_code/build/test_interfaces': /usr/bin/cmake /home/psh/ros_code/src/test_interfaces -DCMAKE_INSTALL_PREFIX=/home/psh/ros_code/install/test_interfaces
[0.093s] -- Found ament_cmake: 0.9.11 (/opt/ros/foxy/share/ament_cmake/cmake)
[0.124s] -- Found PythonInterp: /usr/bin/python3 (found suitable version "3.8.10", minimum required is "3") 
[0.125s] -- Using PYTHON_EXECUTABLE: /usr/bin/python3
[0.414s] -- Found rosidl_default_generators: 1.0.1 (/opt/ros/foxy/share/rosidl_default_generators/cmake)
[0.417s] -- Using all available rosidl_typesupport_c: rosidl_typesupport_fastrtps_c;rosidl_typesupport_introspection_c
[0.421s] -- Found rosidl_adapter: 1.3.0 (/opt/ros/foxy/share/rosidl_adapter/cmake)
[0.591s] -- Using all available rosidl_typesupport_cpp: rosidl_typesupport_fastrtps_cpp;rosidl_typesupport_introspection_cpp
[0.671s] -- Found PythonInterp: /usr/bin/python3 (found version "3.8.10") 
[0.826s] Error parsing '/home/psh/ros_code/src/test_interfaces/package.xml':
[0.993s] Traceback (most recent call last):
[0.993s]   File "/usr/lib/python3/dist-packages/catkin_pkg/package.py", line 610, in parse_package_string
[0.993s]     root = dom.parseString(data)
[0.993s]   File "/usr/lib/python3.8/xml/dom/minidom.py", line 1969, in parseString
[0.993s]     return expatbuilder.parseString(string)
[0.994s]   File "/usr/lib/python3.8/xml/dom/expatbuilder.py", line 925, in parseString
[0.994s]     return builder.parseString(string)
[0.994s]   File "/usr/lib/python3.8/xml/dom/expatbuilder.py", line 223, in parseString
[0.994s]     parser.Parse(string, True)
[0.994s] xml.parsers.expat.ExpatError: mismatched tag: line 13, column 46
[0.995s] 
[0.995s] During handling of the above exception, another exception occurred:
[0.995s] 
[0.995s] Traceback (most recent call last):
[0.995s]   File "/opt/ros/foxy/share/ament_cmake_core/cmake/core/package_xml_2_cmake.py", line 143, in <module>
[0.996s]     main()
[0.996s]   File "/opt/ros/foxy/share/ament_cmake_core/cmake/core/package_xml_2_cmake.py", line 52, in main
[0.996s]     raise e
[0.996s]   File "/opt/ros/foxy/share/ament_cmake_core/cmake/core/package_xml_2_cmake.py", line 48, in main
[0.996s]     package = parse_package_string(
[0.997s]   File "/usr/lib/python3/dist-packages/catkin_pkg/package.py", line 612, in parse_package_string
[0.997s]     raise InvalidPackage('The manifest contains invalid XML:\n%s' % ex, filename)
[0.997s] catkin_pkg.package.InvalidPackage: Error(s) in package '/home/psh/ros_code/src/test_interfaces/package.xml':
[0.997s] The manifest contains invalid XML:
[0.997s] mismatched tag: line 13, column 46
[1.019s] CMake Error at /opt/ros/foxy/share/ament_cmake_core/cmake/core/ament_package_xml.cmake:94 (message):
[1.019s]   execute_process(/usr/bin/python3
[1.019s]   /opt/ros/foxy/share/ament_cmake_core/cmake/core/package_xml_2_cmake.py
[1.020s]   /home/psh/ros_code/src/test_interfaces/package.xml
[1.020s]   /home/psh/ros_code/build/test_interfaces/ament_cmake_core/package.cmake)
[1.020s]   returned error code 1
[1.021s] Call Stack (most recent call first):
[1.021s]   /opt/ros/foxy/share/ament_cmake_core/cmake/core/ament_package_xml.cmake:49 (_ament_package_xml)
[1.021s]   /opt/ros/foxy/share/rosidl_cmake/cmake/rosidl_generate_interfaces.cmake:226 (ament_package_xml)
[1.021s]   CMakeLists.txt:22 (rosidl_generate_interfaces)
[1.022s] 
[1.022s] 
[1.022s] -- Configuring incomplete, errors occurred!
[1.022s] See also "/home/psh/ros_code/build/test_interfaces/CMakeFiles/CMakeOutput.log".
[1.027s] Invoked command in '/home/psh/ros_code/build/test_interfaces' returned '1': /usr/bin/cmake /home/psh/ros_code/src/test_interfaces -DCMAKE_INSTALL_PREFIX=/home/psh/ros_code/install/test_interfaces
